../Core/Src/hd44780.c:32:6:lcd_clock	8	static
../Core/Src/hd44780.c:41:6:lcd_reset	8	static
../Core/Src/hd44780.c:79:6:lcd_write	16	static
../Core/Src/hd44780.c:137:6:lcd_clear	8	static
../Core/Src/hd44780.c:145:6:lcd_display_settings	16	static
../Core/Src/hd44780.c:152:6:lcd_display_address	16	static
../Core/Src/hd44780.c:157:6:lcd_cgram_address	16	static
../Core/Src/hd44780.c:162:6:lcd_print	24	static
../Core/Src/hd44780.c:188:6:writeIntegerToLCD	24	static
../Core/Src/hd44780.c:205:6:moveToXY	24	static
